finally: it said hello lol
hello: hello lol
wibble: lol

